/opt/denario-venv/lib/python3.12/site-packages/denario/langgraph_agents/paper_module/LaTeX/AAS_keywords.txt
Found 0 plot files to process....
Extracting UNESCO keywords.......
UNESCO keyword extraction failed: 'list' object has no attribute 'find'
✅✅.................Abstract written
...............Captions generated
✅................Figures generated
✅.............Introduction written
✅..................Methods written
✅..................Results written
✅..............Conclusions written
Compiling paper_v1_preliminary...✅✅
Compiling paper_v2_no_citations..✅✅
   - Citations added to Introduction
   - Citations added to Methods
Sanitized BibTeX saved to: /home/node/work/projects/ns_turbulence_v1/Iteration3/paper_output/bibliography.bib
✅ Citations added to all sections.
Compiling paper_v3_citations.....❌❌✅
Refining Introduction with citationsRefining Methods with citations

✅  - Introduction with citations refined
✅  - Methods with citations refined
Compiling paper_v4_final.........✅✅✅
Paper written in 8 min 58 sec.
Cost: $0.379
